// Jest Snapshot v1, https://goo.gl/fbAQLP

exports[`should match snapshot 1`] = `
<DocumentFragment>
  <button
    class="btn btn__primary"
    data-testid="button"
  >
    button
  </button>
</DocumentFragment>
`;
