// Jest Snapshot v1, https://goo.gl/fbAQLP

exports[`should match snapshot 1`] = `
<DocumentFragment>
  <div
    class="container container__align_start container__justify_start container__gap_sm container__fontColor_dark"
    data-testid="container"
  />
</DocumentFragment>
`;
